******************************************************************************
                  TI ARM Linker PC v5.2.9                      
******************************************************************************
>> Linked Tue Jun 22 13:24:16 2021

OUTPUT FILE NAME:   <timers.out>
ENTRY POINT SYMBOL: "_c_int00"  address: 00000bf9


MEMORY CONFIGURATION

         name            origin    length      used     unused   attr    fill
----------------------  --------  ---------  --------  --------  ----  --------
  FLASH                 00000000   00040000  00001122  0003eede  R  X
  SRAM                  20000000   00008000  00000120  00007ee0  RW X


SEGMENT ALLOCATION MAP

run origin  load origin   length   init length attrs members
----------  ----------- ---------- ----------- ----- -------
00000000    00000000    00001128   00001128    r-x
  00000000    00000000    0000026c   0000026c    r-- .intvecs
  0000026c    0000026c    00000d54   00000d54    r-x .text
  00000fc0    00000fc0    0000012a   0000012a    r-- .const
  000010f0    000010f0    00000038   00000038    r-- .cinit
20000000    20000000    00000120   00000000    rw-
  20000000    20000000    00000100   00000000    rw- .stack
  20000100    20000100    0000001c   00000000    rw- .data
  2000011c    2000011c    00000004   00000000    rw- .bss


SECTION ALLOCATION MAP

 output                                  attributes/
section   page    origin      length       input sections
--------  ----  ----------  ----------   ----------------
.intvecs   0    00000000    0000026c     
                  00000000    0000026c     startup_ccs.obj (.intvecs)

.text      0    0000026c    00000d54     
                  0000026c    000001ea     uartstdio.obj (.text:UARTvprintf)
                  00000456    00000132     driverlib.lib : gpio.obj (.text:GPIOPadConfigSet)
                  00000588    00000110                   : sysctl.obj (.text:SysCtlClockGet)
                  00000698    000000fc     rtsv7M4_T_le_v4SPD16_eabi.lib : fd_mul_t2.obj (.text)
                  00000794    0000009c                                   : memcpy_t2.obj (.text)
                  00000830    0000007a                                   : memset_t2.obj (.text)
                  000008aa    00000002     startup_ccs.obj (.text:FaultISR)
                  000008ac    00000078     timers.obj (.text:Timer1AIntHandler)
                  00000924    0000006c     timers.obj (.text:ConfigureSSI)
                  00000990    0000006c     rtsv7M4_T_le_v4SPD16_eabi.lib : autoinit.obj (.text)
                  000009fc    0000006a                                   : copy_decompress_rle.obj (.text)
                  00000a66    00000002     startup_ccs.obj (.text:IntDefaultHandler)
                  00000a68    00000068     timers.obj (.text:ConfigureTimer1A)
                  00000ad0    00000064     timers.obj (.text:ConfigureUART)
                  00000b34    00000064     timers.obj (.text:main)
                  00000b98    00000060     uartstdio.obj (.text:UARTStdioConfig)
                  00000bf8    00000050     rtsv7M4_T_le_v4SPD16_eabi.lib : boot.obj (.text)
                  00000c48    0000004c                                   : cpy_tbl.obj (.text)
                  00000c94    00000048     driverlib.lib : gpio.obj (.text:GPIOPinConfigure)
                  00000cdc    00000048     uartstdio.obj (.text:UARTwrite)
                  00000d24    00000044     timers.obj (.text:getAngle)
                  00000d68    00000044     rtsv7M4_T_le_v4SPD16_eabi.lib : exit.obj (.text)
                  00000dac    00000044                                   : fd_tou_t2.obj (.text)
                  00000df0    00000040                                   : u_divt2.obj (.text)
                  00000e30    0000003c     driverlib.lib : ssi.obj (.text:SSIConfigSetExpClk)
                  00000e6c    00000034                   : sysctl.obj (.text:SysCtlPeripheralEnable)
                  00000ea0    0000002a                   : gpio.obj (.text:GPIODirModeSet)
                  00000eca    00000020     rtsv7M4_T_le_v4SPD16_eabi.lib : u_tofd_t2.obj (.text)
                  00000eea    0000001a     uartstdio.obj (.text:UARTprintf)
                  00000f04    00000018     rtsv7M4_T_le_v4SPD16_eabi.lib : args_main.obj (.text)
                  00000f1c    00000014                                   : _lock.obj (.text)
                  00000f30    00000012     driverlib.lib : gpio.obj (.text:GPIOPinTypeSSI)
                  00000f42    00000010                   : interrupt.obj (.text:IntMasterEnable)
                  00000f52    0000000e     rtsv7M4_T_le_v4SPD16_eabi.lib : copy_decompress_none.obj (.text:decompress:none)
                  00000f60    0000000c     driverlib.lib : cpu.obj (.text:CPUcpsie)
                  00000f6c    0000000c                   : ssi.obj (.text:SSIDataGet)
                  00000f78    0000000c     rtsv7M4_T_le_v4SPD16_eabi.lib : copy_zero_init.obj (.text:decompress:ZI)
                  00000f84    0000000a     driverlib.lib : ssi.obj (.text:SSIDataPut)
                  00000f8e    0000000a                   : ssi.obj (.text:SSIEnable)
                  00000f98    00000008                   : ssi.obj (.text:SSIBusy)
                  00000fa0    00000006                   : gpio.obj (.text:GPIOPinWrite)
                  00000fa6    00000006     startup_ccs.obj (.text:ResetISR)
                  00000fac    00000006     driverlib.lib : uart.obj (.text:UARTClockSourceSet)
                  00000fb2    00000006     rtsv7M4_T_le_v4SPD16_eabi.lib : copy_decompress_rle.obj (.text:decompress:rle24)
                  00000fb8    00000004                                   : pre_init.obj (.text)
                  00000fbc    00000002     startup_ccs.obj (.text:NmiSR)
                  00000fbe    00000002     rtsv7M4_T_le_v4SPD16_eabi.lib : i_div0.obj (.text)

.const     0    00000fc0    0000012a     
                  00000fc0    00000090     driverlib.lib : gpio.obj (.const:g_pui32GPIOBaseAddrs)
                  00001050    0000006c                   : sysctl.obj (.const:g_pui32Xtals)
                  000010bc    0000001c     uartstdio.obj (.const)
                  000010d8    00000012     uartstdio.obj (.const:.string)

.cinit     0    000010f0    00000038     
                  000010f0    0000000f     (.cinit..data.load) [load image, compression = rle]
                  000010ff    00000001     --HOLE-- [fill = 0]
                  00001100    0000000c     (__TI_handler_table)
                  0000110c    00000004     --HOLE-- [fill = 0]
                  00001110    00000008     (.cinit..bss.load) [load image, compression = zero_init]
                  00001118    00000010     (__TI_cinit_table)

.init_array 
*          0    00000000    00000000     UNINITIALIZED

.stack     0    20000000    00000100     UNINITIALIZED
                  20000000    00000100     --HOLE--

.data      0    20000100    0000001c     UNINITIALIZED
                  20000100    00000008     rtsv7M4_T_le_v4SPD16_eabi.lib : _lock.obj (.data)
                  20000108    00000008                                   : exit.obj (.data)
                  20000110    00000005     uartstdio.obj (.data)
                  20000115    00000003     --HOLE--
                  20000118    00000004     rtsv7M4_T_le_v4SPD16_eabi.lib : stkdepth_vars.obj (.data)

.bss       0    2000011c    00000004     UNINITIALIZED
                  2000011c    00000004     (.common:g_ui32Flags)

.TI.persistent 
*          0    20000100    00000000     UNINITIALIZED

.TI.noinit 
*          0    2000011c    00000000     UNINITIALIZED


LINKER GENERATED COPY TABLES

__TI_cinit_table @ 00001118 records: 2, size/record: 8, table size: 16
	.data: load addr=000010f0, load size=0000000f bytes, run addr=20000100, run size=0000001c bytes, compression=rle
	.bss: load addr=00001110, load size=00000008 bytes, run addr=2000011c, run size=00000004 bytes, compression=zero_init


LINKER GENERATED HANDLER TABLE

__TI_handler_table @ 00001100 records: 3, size/record: 4, table size: 12
	index: 0, handler: __TI_decompress_rle24
	index: 1, handler: __TI_decompress_none
	index: 2, handler: __TI_zero_init


GLOBAL SYMBOLS: SORTED ALPHABETICALLY BY Name 

address   name                    
-------   ----                    
00000d69  C$$EXIT                 
00000f61  CPUcpsie                
00000925  ConfigureSSI            
00000a69  ConfigureTimer1A        
00000ad1  ConfigureUART           
00000ea1  GPIODirModeSet          
00000457  GPIOPadConfigSet        
00000c95  GPIOPinConfigure        
00000f31  GPIOPinTypeSSI          
00000fa1  GPIOPinWrite            
00000f43  IntMasterEnable         
00000fa7  ResetISR                
UNDEFED   SHT$$INIT_ARRAY$$Base   
UNDEFED   SHT$$INIT_ARRAY$$Limit  
00000f99  SSIBusy                 
00000e31  SSIConfigSetExpClk      
00000f6d  SSIDataGet              
00000f85  SSIDataPut              
00000f8f  SSIEnable               
00000589  SysCtlClockGet          
00000e6d  SysCtlPeripheralEnable  
000008ad  Timer1AIntHandler       
00000fad  UARTClockSourceSet      
00000b99  UARTStdioConfig         
00000eeb  UARTprintf              
0000026d  UARTvprintf             
00000cdd  UARTwrite               
20000100  __STACK_END             
00000100  __STACK_SIZE            
20000100  __STACK_TOP             
00001118  __TI_CINIT_Base         
00001128  __TI_CINIT_Limit        
00001100  __TI_Handler_Table_Base 
0000110c  __TI_Handler_Table_Limit
00000991  __TI_auto_init          
20000108  __TI_cleanup_ptr        
00000f53  __TI_decompress_none    
00000fb3  __TI_decompress_rle24   
2000010c  __TI_dtors_ptr          
00000000  __TI_static_base__      
00000f79  __TI_zero_init          
00000dad  __aeabi_d2uiz           
00000699  __aeabi_dmul            
00000fbf  __aeabi_idiv0           
00000831  __aeabi_memclr          
00000831  __aeabi_memclr4         
00000831  __aeabi_memclr8         
00000795  __aeabi_memcpy          
00000795  __aeabi_memcpy4         
00000795  __aeabi_memcpy8         
00000833  __aeabi_memset          
00000833  __aeabi_memset4         
00000833  __aeabi_memset8         
00000ecb  __aeabi_ui2d            
00000df1  __aeabi_uidiv           
00000df1  __aeabi_uidivmod        
ffffffff  __binit__               
ffffffff  __c_args__              
20000000  __stack                 
00000f05  _args_main              
00000bf9  _c_int00                
20000100  _lock                   
00000f2b  _nop                    
00000f23  _register_lock          
00000f1d  _register_unlock        
00000fb9  _system_pre_init        
20000104  _unlock                 
00000d6d  abort                   
ffffffff  binit                   
00000c49  copy_in                 
00000d75  exit                    
00000000  g_pfnVectors            
2000011c  g_ui32Flags             
00000d25  getAngle                
00000b35  main                    
20000118  main_func_sp            
00000795  memcpy                  
00000839  memset                  


GLOBAL SYMBOLS: SORTED BY Symbol Address 

address   name                    
-------   ----                    
00000000  __TI_static_base__      
00000000  g_pfnVectors            
00000100  __STACK_SIZE            
0000026d  UARTvprintf             
00000457  GPIOPadConfigSet        
00000589  SysCtlClockGet          
00000699  __aeabi_dmul            
00000795  __aeabi_memcpy          
00000795  __aeabi_memcpy4         
00000795  __aeabi_memcpy8         
00000795  memcpy                  
00000831  __aeabi_memclr          
00000831  __aeabi_memclr4         
00000831  __aeabi_memclr8         
00000833  __aeabi_memset          
00000833  __aeabi_memset4         
00000833  __aeabi_memset8         
00000839  memset                  
000008ad  Timer1AIntHandler       
00000925  ConfigureSSI            
00000991  __TI_auto_init          
00000a69  ConfigureTimer1A        
00000ad1  ConfigureUART           
00000b35  main                    
00000b99  UARTStdioConfig         
00000bf9  _c_int00                
00000c49  copy_in                 
00000c95  GPIOPinConfigure        
00000cdd  UARTwrite               
00000d25  getAngle                
00000d69  C$$EXIT                 
00000d6d  abort                   
00000d75  exit                    
00000dad  __aeabi_d2uiz           
00000df1  __aeabi_uidiv           
00000df1  __aeabi_uidivmod        
00000e31  SSIConfigSetExpClk      
00000e6d  SysCtlPeripheralEnable  
00000ea1  GPIODirModeSet          
00000ecb  __aeabi_ui2d            
00000eeb  UARTprintf              
00000f05  _args_main              
00000f1d  _register_unlock        
00000f23  _register_lock          
00000f2b  _nop                    
00000f31  GPIOPinTypeSSI          
00000f43  IntMasterEnable         
00000f53  __TI_decompress_none    
00000f61  CPUcpsie                
00000f6d  SSIDataGet              
00000f79  __TI_zero_init          
00000f85  SSIDataPut              
00000f8f  SSIEnable               
00000f99  SSIBusy                 
00000fa1  GPIOPinWrite            
00000fa7  ResetISR                
00000fad  UARTClockSourceSet      
00000fb3  __TI_decompress_rle24   
00000fb9  _system_pre_init        
00000fbf  __aeabi_idiv0           
00001100  __TI_Handler_Table_Base 
0000110c  __TI_Handler_Table_Limit
00001118  __TI_CINIT_Base         
00001128  __TI_CINIT_Limit        
20000000  __stack                 
20000100  __STACK_END             
20000100  __STACK_TOP             
20000100  _lock                   
20000104  _unlock                 
20000108  __TI_cleanup_ptr        
2000010c  __TI_dtors_ptr          
20000118  main_func_sp            
2000011c  g_ui32Flags             
ffffffff  __binit__               
ffffffff  __c_args__              
ffffffff  binit                   
UNDEFED   SHT$$INIT_ARRAY$$Base   
UNDEFED   SHT$$INIT_ARRAY$$Limit  

[78 symbols]
